<html>
<body>
<pre>
<h1>礦ision Build Log</h1>
<h2>Tool Versions:</h2>
IDE-Version: μVision V5.14.0.0
Copyright (C) 2015 ARM Ltd and ARM Germany GmbH. All rights reserved.
License Information: WO pc, Microsoft, LIC=Y2B2Z-J715L-D3IM3-AFU32-7WGZK-7F2BK
 
Tool Versions:
Toolchain:       MDK-ARM Professional  Version: 5.14.0.0
Toolchain Path:  D:\Program_Files\MDK5.14\ARM\ARMCC\Bin
C Compiler:      Armcc.exe V5.05 update 1 (build 106)
Assembler:       Armasm.exe V5.05 update 1 (build 106)
Linker/Locator:  ArmLink.exe V5.05 update 1 (build 106)
Library Manager: ArmAr.exe V5.05 update 1 (build 106)
Hex Converter:   FromElf.exe V5.05 update 1 (build 106)
CPU DLL:         SARMCM3.DLL V5.14.0.0
Dialog DLL:      DCM.DLL V1.13.1.0
Target DLL:      Segger\JL2CM3.dll V2.99.13.0
Dialog DLL:      TCM.DLL V1.14.4.0
 
<h2>Project:</h2>
E:\Develop\ARM\1，标准例程-寄存器版本\实验22 PWM DAC实验\USER\TEST.uvprojx
Project File Date:  08/03/2015

<h2>Output:</h2>
Rebuild target 'Target 1'
assembling startup_stm32f40_41xxx.s...
compiling test.c...
compiling delay.c...
compiling sys.c...
compiling usart.c...
compiling led.c...
compiling ILI93xx.c...
compiling adc.c...
compiling key.c...
compiling timer.c...
compiling usmart.c...
compiling usmart_config.c...
compiling usmart_str.c...
linking...
Program Size: Code=28870 RO-data=6738 RW-data=336 ZI-data=1336  
FromELF: creating hex file...
"..\OBJ\TEST.axf" - 0 Error(s), 0 Warning(s).

<h2>Collection of Component include folders:</h2>
  E:\Develop\ARM\1，标准例程-寄存器版本\实验22 PWM DAC实验\USER\RTE
  D:\Program_Files\MDK5.14\ARM\PACK\Keil\STM32F4xx_DFP\1.0.8\Device\Include

<h2>Collection of Component Files used:</h2>
</pre>
</body>
</html>
